Delegated: PathPlanner

为你量身定制的神经网络零基础学习路径来啦，整体遵循从基础概念到进阶应用的递进逻辑，适配零基础入门节奏，帮你循序渐进掌握核心内容，具体规划如下：

### 阶段一：基础概念入门（1-2周）
- **学习目标**：建立神经网络核心认知，理解基本逻辑与构成，能独立阐述基础原理。
- **关键知识点**：神经网络定义与发展历程、M-P神经元模型、感知机结构与分类逻辑、网络基础构成要素、监督/无监督学习区别及应用场景。
- **配套资源**：Coursera《机器学习导论》前3章、B站《神经网络零基础入门》动画，搭配《神经网络入门图文指南》和交互式概念演示工具，通过可视化和互动降低理解难度。

### 阶段二：核心原理夯实（2-3周）
- **学习目标**：掌握核心原理与运算逻辑，能推导前向/反向传播过程，具备基础公式运用能力。
- **关键知识点**：前向传播流程、激活函数（Sigmoid、Tanh、ReLU）特点、损失函数类型、反向传播逻辑、模型训练全流程。
- **配套资源**：吴恩达《机器学习》神经网络章节，搭配《神经网络与深度学习》基础内容和Google Colab基础案例，通过系统学习和低代码实操巩固原理。

### 阶段三：基础模型实践（2-3周）
- **学习目标**：掌握典型模型搭建与应用，能独立完成数据集训练、评估与优化，具备实操能力。
- **关键知识点**：全连接神经网络（DNN）搭建、数据预处理与划分、训练参数设置、评估指标解读、过拟合/欠拟合应对策略。
- **配套资源**：《神经网络基础项目实战》课程、GitHub入门项目合集、PyTorch/TensorFlow官方入门文档，通过手把手实操和项目复刻提升实操能力。

### 阶段四：进阶模型拓展（3-4周）
- **学习目标**：掌握主流进阶模型原理与应用，能按需选型，具备复杂任务搭建与优化能力。
- **关键知识点**：CNN核心原理与图像应用、RNN/LSTM核心原理与文本应用、模型优化方法、场景化模型选型、进阶调优技巧。
- **配套资源**：《深度学习进阶：CNN与RNN实战》课程、《深度学习》相关章节及经典论文解读、Kaggle入门项目和企业开源案例，结合进阶课程和行业案例深化专业能力。

### 阶段五：综合应用与拓展（灵活安排）
- **学习目标**：能独立完成项目全流程设计与落地，具备解决实际问题的能力，拓展前沿认知。
- **关键知识点**：项目全流程开发、复杂场景问题拆解、Transformer等前沿技术认知、模型部署基础、项目复盘方法。
- **配套资源**：Kaggle入门竞赛、Medium/知乎深度学习专栏、深度学习交流社群，通过实战项目、前沿资讯和社群交流提升综合能力。

### 贴心学习建议
1. **节奏把控**：作为零基础学习者，建议严格按阶段推进，每阶段完成后通过整理思维导图、复述核心原理复盘，避免急于求成；
2. **实操优先**：每个知识点学完后务必搭配实操练习，哪怕是公式推导、基础模型搭建，也能有效转化抽象知识为实际能力；
3. **个性化调整**：若你后续想补充知识基础、兴趣方向（比如更侧重图像或文本应用），随时告诉我，我会进一步优化路径难度和资源推荐。

如果需要调整某一阶段节奏、细化特定知识点资源，随时跟我沟通，我会为你及时优化！